// Jest Snapshot v1, https://goo.gl/fbAQLP

exports[`UploadButton Snapshot is in loaded state 1`] = `
<div
  class="upload-button upload-button--loaded"
  data-testid="upload-div"
>
  <svg
    class="upload-button__check"
    data-testid="upload-button-check"
    fill="none"
    stroke="#2ecc71"
    viewBox="0 0 15 15"
    xmlns="http://www.w3.org/2000/svg"
  >
    <path
      d="m2 7 4.213 7 6.62-12"
      stroke-linecap="square"
      stroke-linejoin="bevel"
      stroke-width="2"
    />
  </svg>
</div>
`;

exports[`UploadButton Snapshot is in not loaded state 1`] = `
<button
  aria-label="upload-single-file"
  class="upload-button"
  data-testid="upload-button"
  type="button"
>
  <span
    class="upload-button__text"
  >
    Hinzuf√ºgen
  </span>
  <svg
    class="upload-button__plus"
    data-testid="upload-button-plus"
    fill="#fff"
    viewBox="0 0 14 15"
    xmlns="http://www.w3.org/2000/svg"
  >
    <path
      d="M7.933 6.098H14v1.867H7.933v6.066H6.067V7.965L0 7.99V6.098l6.067-.026V.032h1.866v6.066Z"
    />
  </svg>
</button>
`;
